versionMismatch: 0
dupesRenamed: 1
shapesVColorsRemoved: []
shapesNormalsRemoved: []
shapesPartTriangulated: []
shapesTangentsAdded: [EdgeBlood|EdgeBlood01|AkaviriKatana:0_1|AkaviriKatana:0_2|AkaviriKatana:0|]
shapesParallaxRemoved: []

