versionMismatch: 0
dupesRenamed: 0
shapesVColorsRemoved: []
shapesNormalsRemoved: []
shapesPartTriangulated: []
shapesTangentsAdded: []
shapesParallaxRemoved: []

