versionMismatch: 0
dupesRenamed: 0
shapesVColorsRemoved: []
shapesNormalsRemoved: []
shapesPartTriangulated: []
shapesTangentsAdded: [Saskia2014L|]
shapesParallaxRemoved: []

